// Jest Snapshot v1, https://goo.gl/fbAQLP

exports[`Prueba de GiftItem should hacer match con el snapshot 1`] = `
<div>
  <div
    class="card"
  >
    <img
      alt="Saitama"
      src="https://api.giphy.com/v1/gifs/search?api_key=OsplqUAzsJ2Mmq8nHpZxg2YJvN8jKMnL&q=rick&limit=10"
    />
    <p>
      Saitama
    </p>
  </div>
</div>
`;
